// Jest Snapshot v1, https://goo.gl/fbAQLP

exports[`Navbar Component should render the component 1`] = `
Object {
  "asFragment": [Function],
  "baseElement": <body>
    <div>
      <nav
        class="navbar navbar-expand-lg navbar-light bg-light"
      >
        <div
          class="container"
        >
          <a
            class="navbar-brand"
            href="/"
          >
            <span
              class="fs-4"
            >
              Employee Poll
            </span>
          </a>
          <button
            aria-controls="navbarNav"
            aria-expanded="false"
            aria-label="Toggle navigation"
            class="navbar-toggler"
            data-bs-target="#navbarNav"
            data-bs-toggle="collapse"
            type="button"
          >
            <span
              class="navbar-toggler-icon"
            />
          </button>
          <div
            class="collapse navbar-collapse"
            id="navbarNav"
          >
            <ul
              class="navbar-nav me-auto mb-2 mb-lg-0"
            >
              <li
                class="nav-item"
              >
                <a
                  class="nav-link"
                  data-testid="home-link"
                  href="/"
                >
                  Home
                </a>
              </li>
              <li
                class="nav-item"
              >
                <a
                  class="nav-link"
                  data-testid="new-poll-link"
                  href="/add"
                >
                  New Poll
                </a>
              </li>
              <li
                class="nav-item"
              >
                <a
                  class="nav-link"
                  data-testid="leaderboard-link"
                  href="/leaderboard"
                >
                  Leaderboard
                </a>
              </li>
            </ul>
            <div
              class="d-flex align-items-center"
            >
              <span
                class="me-3"
              />
              <button
                class="btn btn-outline-primary"
                data-testid="logout-link"
              >
                Logout
              </button>
            </div>
          </div>
        </div>
      </nav>
    </div>
  </body>,
  "container": <div>
    <nav
      class="navbar navbar-expand-lg navbar-light bg-light"
    >
      <div
        class="container"
      >
        <a
          class="navbar-brand"
          href="/"
        >
          <span
            class="fs-4"
          >
            Employee Poll
          </span>
        </a>
        <button
          aria-controls="navbarNav"
          aria-expanded="false"
          aria-label="Toggle navigation"
          class="navbar-toggler"
          data-bs-target="#navbarNav"
          data-bs-toggle="collapse"
          type="button"
        >
          <span
            class="navbar-toggler-icon"
          />
        </button>
        <div
          class="collapse navbar-collapse"
          id="navbarNav"
        >
          <ul
            class="navbar-nav me-auto mb-2 mb-lg-0"
          >
            <li
              class="nav-item"
            >
              <a
                class="nav-link"
                data-testid="home-link"
                href="/"
              >
                Home
              </a>
            </li>
            <li
              class="nav-item"
            >
              <a
                class="nav-link"
                data-testid="new-poll-link"
                href="/add"
              >
                New Poll
              </a>
            </li>
            <li
              class="nav-item"
            >
              <a
                class="nav-link"
                data-testid="leaderboard-link"
                href="/leaderboard"
              >
                Leaderboard
              </a>
            </li>
          </ul>
          <div
            class="d-flex align-items-center"
          >
            <span
              class="me-3"
            />
            <button
              class="btn btn-outline-primary"
              data-testid="logout-link"
            >
              Logout
            </button>
          </div>
        </div>
      </div>
    </nav>
  </div>,
  "debug": [Function],
  "findAllByAltText": [Function],
  "findAllByDisplayValue": [Function],
  "findAllByLabelText": [Function],
  "findAllByPlaceholderText": [Function],
  "findAllByRole": [Function],
  "findAllByTestId": [Function],
  "findAllByText": [Function],
  "findAllByTitle": [Function],
  "findByAltText": [Function],
  "findByDisplayValue": [Function],
  "findByLabelText": [Function],
  "findByPlaceholderText": [Function],
  "findByRole": [Function],
  "findByTestId": [Function],
  "findByText": [Function],
  "findByTitle": [Function],
  "getAllByAltText": [Function],
  "getAllByDisplayValue": [Function],
  "getAllByLabelText": [Function],
  "getAllByPlaceholderText": [Function],
  "getAllByRole": [Function],
  "getAllByTestId": [Function],
  "getAllByText": [Function],
  "getAllByTitle": [Function],
  "getByAltText": [Function],
  "getByDisplayValue": [Function],
  "getByLabelText": [Function],
  "getByPlaceholderText": [Function],
  "getByRole": [Function],
  "getByTestId": [Function],
  "getByText": [Function],
  "getByTitle": [Function],
  "queryAllByAltText": [Function],
  "queryAllByDisplayValue": [Function],
  "queryAllByLabelText": [Function],
  "queryAllByPlaceholderText": [Function],
  "queryAllByRole": [Function],
  "queryAllByTestId": [Function],
  "queryAllByText": [Function],
  "queryAllByTitle": [Function],
  "queryByAltText": [Function],
  "queryByDisplayValue": [Function],
  "queryByLabelText": [Function],
  "queryByPlaceholderText": [Function],
  "queryByRole": [Function],
  "queryByTestId": [Function],
  "queryByText": [Function],
  "queryByTitle": [Function],
  "rerender": [Function],
  "unmount": [Function],
}
`;
